ClinVarAccession	Comment
132456E	No consensus in VKGL datashare study.
SCV00123457	No consensus in VKGL datashare study.
