chromosome	start	stop	ref	alt	gene	clinvar_accession	classification	lab	comment
5	1	1	A	T	GENE1	132456D	lb	amc	
