chromosome	start	stop	ref	alt	gene	clinvar_accession	classification	lab	comment
4	1	1	A	T	GENE	132456C	lb	erasmus_mc	
