ClinVarAccession	Comment
123456F	No consensus in VKGL datashare study.
