Chromosome	Start	Stop	Reference allele	Alternate allele	Preferred condition name	Clinical significance	Date last evaluated	Gene symbol	ClinVarAccession	Novel or Update	Allele origin	Affected status	Collection method
1	1	1	A	T	not provided	Likely benign		GENE		novel	germline	yes	clinical testing
2	1	1	A	T	not provided	Likely benign		GENE		novel	germline	yes	clinical testing
