Chromosome	Start	Stop	Reference allele	Alternate allele	Preferred condition name	Clinical significance	Date last evaluated	Gene symbol	ClinVarAccession	Novel or Update
2	1	1	A	T	not provided	Likely benign		GENE		novel
4	1	1	A	T	not provided	Likely benign		GENE		novel
1	1	1	A	T	not provided	Likely benign		GENE		novel
