ClinVarAccession	Comment
123456B	No consensus in VKGL datashare study.
SCV01234567	No consensus in VKGL datashare study.
